2021/05/31 02:57:57 lesson9.go:22: Exit open aaa: no such file or directory
2021/05/31 02:58:54 /Users/ryosuke/golang/lessons/lesson9.go:23: Exit open aaa: no such file or directory
